// Jest Snapshot v1, https://goo.gl/fbAQLP

exports[`Button renders correctly 1`] = `
<View
  accessibilityState={
    {
      "busy": undefined,
      "checked": undefined,
      "disabled": undefined,
      "expanded": undefined,
      "selected": undefined,
    }
  }
  accessibilityValue={
    {
      "max": undefined,
      "min": undefined,
      "now": undefined,
      "text": undefined,
    }
  }
  accessible={true}
  collapsable={false}
  focusable={true}
  onClick={[Function]}
  onResponderGrant={[Function]}
  onResponderMove={[Function]}
  onResponderRelease={[Function]}
  onResponderTerminate={[Function]}
  onResponderTerminationRequest={[Function]}
  onStartShouldSetResponder={[Function]}
  style={
    {
      "alignItems": "center",
      "backgroundColor": "#DB2031",
      "borderBottomColor": "#DB2031",
      "borderBottomLeftRadius": 12,
      "borderBottomRightRadius": 12,
      "borderBottomWidth": 2,
      "borderLeftColor": "#DB2031",
      "borderLeftWidth": 2,
      "borderRightColor": "#DB2031",
      "borderRightWidth": 2,
      "borderTopColor": "#DB2031",
      "borderTopLeftRadius": 12,
      "borderTopRightRadius": 12,
      "borderTopWidth": 2,
      "height": 48,
      "justifyContent": "center",
      "opacity": 1,
      "paddingBottom": 8,
      "paddingLeft": 16,
      "paddingRight": 16,
      "paddingTop": 8,
    }
  }
>
  <Text
    style={
      [
        {
          "fontSize": 16,
          "lineHeight": 24,
        },
        {
          "fontWeight": "500",
        },
        {
          "color": "#fff",
        },
        {
          "fontSize": 20,
          "lineHeight": 28,
        },
      ]
    }
  >
    Click me
  </Text>
</View>
`;
